[Fri Apr  3 07:20:39 CEST 2026] project dir: /net/8k3/e0fs01/users/xj62kv/260402_spatial-cell-deconvolution
[Fri Apr  3 07:20:39 CEST 2026] python: /net/8k3/e0fs01/users/xj62kv/260402_spatial-cell-deconvolution/.venv/bin/python
[Fri Apr  3 07:20:39 CEST 2026] device: cuda
[Fri Apr  3 07:20:39 CEST 2026] gpu info
Fri Apr  3 07:20:39 2026       
+-----------------------------------------------------------------------------------------+
| NVIDIA-SMI 570.124.06             Driver Version: 570.124.06     CUDA Version: 12.8     |
|-----------------------------------------+------------------------+----------------------+
| GPU  Name                 Persistence-M | Bus-Id          Disp.A | Volatile Uncorr. ECC |
| Fan  Temp   Perf          Pwr:Usage/Cap |           Memory-Usage | GPU-Util  Compute M. |
|                                         |                        |               MIG M. |
|=========================================+========================+======================|
|   0  Tesla V100-PCIE-32GB           Off |   00000000:86:00.0 Off |                    0 |
| N/A   39C    P0             24W /  250W |       1MiB /  32768MiB |      0%      Default |
|                                         |                        |                  N/A |
+-----------------------------------------+------------------------+----------------------+
                                                                                         
+-----------------------------------------------------------------------------------------+
| Processes:                                                                              |
|  GPU   GI   CI              PID   Type   Process name                        GPU Memory |
|        ID   ID                                                               Usage      |
|=========================================================================================|
|  No running processes found                                                             |
+-----------------------------------------------------------------------------------------+
[Fri Apr  3 07:20:39 CEST 2026] inspect dataset
{
  "dataset": "human_lymph_node",
  "sc_shape": [
    73260,
    10237
  ],
  "st_shape": [
    4035,
    36588
  ],
  "label_column": "cell_type",
  "n_cell_types": 34,
  "top_cell_types": {
    "B_mem": 13476,
    "B_naive": 8924,
    "T_CD4+_naive": 6012,
    "B_Cycling": 4765,
    "T_CD4+_TfH": 4690,
    "T_CD8+_cytotoxic": 3890,
    "T_CD4+_TfH_GC": 3653,
    "B_activated": 3575,
    "B_GC_LZ": 3298,
    "T_CD4+": 3059
  },
  "coords_shape": [
    4035,
    2
  ],
  "annotation_columns": [
    "Barcode",
    "GC",
    "cell_type"
  ]
}
[Fri Apr  3 07:21:32 CEST 2026] train mlp
Traceback (most recent call last):
  File "/net/8k3/e0fs01/users/xj62kv/260402_spatial-cell-deconvolution/scripts/train_model.py", line 121, in <module>
    main()
  File "/net/8k3/e0fs01/users/xj62kv/260402_spatial-cell-deconvolution/scripts/train_model.py", line 49, in main
    artifacts = train_mlp(
                ^^^^^^^^^^
  File "/net/8k3/e0fs01/users/xj62kv/260402_spatial-cell-deconvolution/src/spatial_deconv/train.py", line 34, in train_mlp
    model = MLPBaseline(train_x.shape[1], train_y.shape[1]).to(device)
            ^^^^^^^^^^^^^^^^^^^^^^^^^^^^^^^^^^^^^^^^^^^^^^^^^^^^^^^^^^
  File "/net/8k3/e0fs01/users/xj62kv/260402_spatial-cell-deconvolution/.venv/lib64/python3.11/site-packages/torch/nn/modules/module.py", line 1384, in to
    return self._apply(convert)
           ^^^^^^^^^^^^^^^^^^^^
  File "/net/8k3/e0fs01/users/xj62kv/260402_spatial-cell-deconvolution/.venv/lib64/python3.11/site-packages/torch/nn/modules/module.py", line 934, in _apply
    module._apply(fn)
  File "/net/8k3/e0fs01/users/xj62kv/260402_spatial-cell-deconvolution/.venv/lib64/python3.11/site-packages/torch/nn/modules/module.py", line 934, in _apply
    module._apply(fn)
  File "/net/8k3/e0fs01/users/xj62kv/260402_spatial-cell-deconvolution/.venv/lib64/python3.11/site-packages/torch/nn/modules/module.py", line 965, in _apply
    param_applied = fn(param)
                    ^^^^^^^^^
  File "/net/8k3/e0fs01/users/xj62kv/260402_spatial-cell-deconvolution/.venv/lib64/python3.11/site-packages/torch/nn/modules/module.py", line 1370, in convert
    return t.to(
           ^^^^^
  File "/net/8k3/e0fs01/users/xj62kv/260402_spatial-cell-deconvolution/.venv/lib64/python3.11/site-packages/torch/cuda/__init__.py", line 478, in _lazy_init
    torch._C._cuda_init()
RuntimeError: The NVIDIA driver on your system is too old (found version 12080). Please update your GPU driver by downloading and installing a new version from the URL: http://www.nvidia.com/Download/index.aspx Alternatively, go to: https://pytorch.org to install a PyTorch version that has been compiled with your version of the CUDA driver.
